I'm sorry, but errors were detected in your script. Please correct the
errors listed below, and try again.


File "game/script.rpy", line 587: expected 'name' not found.
    hide
        ^

Ren'Py Version: Ren'Py 6.16.5.525
